******************************************************************************
                  MSP430 Linker PC v21.6.1                     
******************************************************************************
>> Linked Mon Nov 20 15:10:29 2023

OUTPUT FILE NAME:   <MSP430FR6047EVM_USS_Water_Demo.out>
ENTRY POINT SYMBOL: "_c_int00_noargs"  address: 00005ffe


MEMORY CONFIGURATION

         name            origin    length      used     unused   attr    fill
----------------------  --------  ---------  --------  --------  ----  --------
  TINYRAM               0000000a   00000016  00000000  00000016  RWIX
  BSL                   00001000   00000800  00000000  00000800  RWIX
  CAL_CONF              00001900   00000100  00000000  00000100  RWIX
  TLVMEM                00001a00   00000100  00000000  00000100  RWIX
  BOOTROM               00001b00   00000100  00000000  00000100  RWIX
  RAM                   00001c00   00001000  00000cb3  0000034d  RWIX
  LEARAM                00002c00   00000ec8  00000a34  00000494  RWIX
  LEASTACK              00003ac8   00000138  00000000  00000138  RWIX
  FRAM                  00004000   0000bf80  00002886  000096fa  RWIX
  JTAGSIGNATURE         0000ff80   00000004  00000004  00000000  RWIX  ffff 
  BSLSIGNATURE          0000ff84   00000004  00000004  00000000  RWIX  ffff 
  IPESIGNATURE          0000ff88   00000008  00000008  00000000  RWIX  ffff 
  INT00                 0000ff90   00000002  00000000  00000002  RWIX
  INT01                 0000ff92   00000002  00000000  00000002  RWIX
  INT02                 0000ff94   00000002  00000000  00000002  RWIX
  INT03                 0000ff96   00000002  00000000  00000002  RWIX
  INT04                 0000ff98   00000002  00000000  00000002  RWIX
  INT05                 0000ff9a   00000002  00000000  00000002  RWIX
  INT06                 0000ff9c   00000002  00000000  00000002  RWIX
  INT07                 0000ff9e   00000002  00000000  00000002  RWIX
  INT08                 0000ffa0   00000002  00000000  00000002  RWIX
  INT09                 0000ffa2   00000002  00000000  00000002  RWIX
  INT10                 0000ffa4   00000002  00000000  00000002  RWIX
  INT11                 0000ffa6   00000002  00000000  00000002  RWIX
  INT12                 0000ffa8   00000002  00000000  00000002  RWIX
  INT13                 0000ffaa   00000002  00000000  00000002  RWIX
  INT14                 0000ffac   00000002  00000002  00000000  RWIX
  INT15                 0000ffae   00000002  00000002  00000000  RWIX
  INT16                 0000ffb0   00000002  00000002  00000000  RWIX
  INT17                 0000ffb2   00000002  00000002  00000000  RWIX
  INT18                 0000ffb4   00000002  00000002  00000000  RWIX
  INT19                 0000ffb6   00000002  00000002  00000000  RWIX
  INT20                 0000ffb8   00000002  00000002  00000000  RWIX
  INT21                 0000ffba   00000002  00000002  00000000  RWIX
  INT22                 0000ffbc   00000002  00000002  00000000  RWIX
  INT23                 0000ffbe   00000002  00000002  00000000  RWIX
  INT24                 0000ffc0   00000002  00000002  00000000  RWIX
  INT25                 0000ffc2   00000002  00000002  00000000  RWIX
  INT26                 0000ffc4   00000002  00000002  00000000  RWIX
  INT27                 0000ffc6   00000002  00000002  00000000  RWIX
  INT28                 0000ffc8   00000002  00000002  00000000  RWIX
  INT29                 0000ffca   00000002  00000002  00000000  RWIX
  INT30                 0000ffcc   00000002  00000002  00000000  RWIX
  INT31                 0000ffce   00000002  00000002  00000000  RWIX
  INT32                 0000ffd0   00000002  00000002  00000000  RWIX
  INT33                 0000ffd2   00000002  00000002  00000000  RWIX
  INT34                 0000ffd4   00000002  00000002  00000000  RWIX
  INT35                 0000ffd6   00000002  00000002  00000000  RWIX
  INT36                 0000ffd8   00000002  00000002  00000000  RWIX
  INT37                 0000ffda   00000002  00000002  00000000  RWIX
  INT38                 0000ffdc   00000002  00000002  00000000  RWIX
  INT39                 0000ffde   00000002  00000002  00000000  RWIX
  INT40                 0000ffe0   00000002  00000002  00000000  RWIX
  INT41                 0000ffe2   00000002  00000002  00000000  RWIX
  INT42                 0000ffe4   00000002  00000002  00000000  RWIX
  INT43                 0000ffe6   00000002  00000002  00000000  RWIX
  INT44                 0000ffe8   00000002  00000002  00000000  RWIX
  INT45                 0000ffea   00000002  00000002  00000000  RWIX
  INT46                 0000ffec   00000002  00000002  00000000  RWIX
  INT47                 0000ffee   00000002  00000002  00000000  RWIX
  INT48                 0000fff0   00000002  00000002  00000000  RWIX
  INT49                 0000fff2   00000002  00000002  00000000  RWIX
  INT50                 0000fff4   00000002  00000002  00000000  RWIX
  INT51                 0000fff6   00000002  00000002  00000000  RWIX
  INT52                 0000fff8   00000002  00000002  00000000  RWIX
  INT53                 0000fffa   00000002  00000002  00000000  RWIX
  INT54                 0000fffc   00000002  00000002  00000000  RWIX
  RESET                 0000fffe   00000002  00000002  00000000  RWIX
  FRAM2                 00010000   00033fe0  0000c408  00027bd8  RWIX
  VERSION               00043ff0   00000008  00000008  00000000  RWIX
  LIB_VERSION           00043ff8   00000008  00000008  00000000  RWIX


SECTION ALLOCATION MAP

 output                                  attributes/
section   page    origin      length       input sections
--------  ----  ----------  ----------   ----------------
uss_config 
*          0    00004000    0000012c     
                  00004000    00000022     USS_userConfig.obj (.TI.persistent:gUssSWConfig)
                  00004022    0000000c     USS_userConfig.obj (.TI.persistent:ussSystemConfig)
                  0000402e    00000010     USS_userConfig.obj (.TI.persistent:ussMeterConfig)
                  0000403e    00000022     USS_userConfig.obj (.TI.persistent:ussMeasurementConfig)
                  00004060    0000000c     USS_userConfig.obj (.TI.persistent:ussPLLConfig)
                  0000406c    0000001a     USS_userConfig.obj (.TI.persistent:ussCaptureConfig)
                  00004086    00000002     USS_userConfig.obj (.TI.persistent:ussTriggerConfig)
                  00004088    00000002     USS_userConfig.obj (.TI.persistent:ussInterruptConfig)
                  0000408a    0000008a     USS_userConfig.obj (.TI.persistent:ussAlgConfig)
                  00004114    00000014     USS_userConfig.obj (.TI.persistent:ussPulseConfig)
                  00004128    00000004     USS_userConfig.obj (.TI.persistent:singDualToneConfig)

.binit     0    00004000    00000000     

.TI.persistent 
*          0    0000412c    00000f34     
                  0000412c    00000a50     USS_userConfig.obj (.TI.persistent:gNVMemBlock)
                  00004b7c    00000342     results.obj (.TI.persistent:g_ResultsOfLastMeasurement)
                  00004ebe    0000005a     hmi.obj (.TI.persistent:gHMI)
                  00004f18    0000003f     hmi.obj (.TI.persistent:gstxPacket)
                  00004f57    0000003f     comm.obj (.TI.persistent:packet)
                  00004f96    00000038     USS_Lib_HAL.obj (.TI.persistent)
                  00004fce    00000030     USS_userConfig.obj (.TI.persistent:gUSSHilbertCoeffs)
                  00004ffe    00000024     USS_userConfig.obj (.TI.persistent:ussAlgorithmMeterConstCalib)
                  00005022    0000001a     lcd_statemachine.obj (.TI.persistent:displayData)
                  0000503c    00000010     mathematics.obj (.TI.persistent)
                  0000504c    0000000c     lcd_statemachine.obj (.TI.persistent:g_lcd_statemachine)
                  00005058    00000006     USS_userConfig.obj (.TI.persistent:ussAlgorithmVolumeFlowObj)
                  0000505e    00000002     USS_App_userConfig.obj (.TI.persistent:USS_App_userConfig)

.cio       0    00005060    00000000     UNINITIALIZED

.sysmem    0    00005060    00000000     UNINITIALIZED

.ipestruct 
*          0    00005400    00000000     UNINITIALIZED

.ipe       0    00005400    00000000     UNINITIALIZED

.ipe_const 
*          0    00005400    00000000     UNINITIALIZED

.ipe:_isr 
*          0    00005400    00000000     UNINITIALIZED

.cinit     0    00006842    00000044     
                  00006842    00000013     (.cinit..data.load) [load image, compression = lzss]
                  00006855    00000001     --HOLE-- [fill = 0]
                  00006856    0000000c     (__TI_handler_table)
                  00006862    00000006     (.cinit..bss.load) [load image, compression = zero_init]
                  00006868    00000006     (.cinit..leaRAM.load) [load image, compression = zero_init]
                  0000686e    00000018     (__TI_cinit_table)

.version   0    00043ff0    00000008     
                  00043ff0    00000008     main.obj (.version:retain)

.libVersion 
*          0    00043ff8    00000008     
                  00043ff8    00000008     USS_SW_CCS_large_code_large_data.lib : ussSwLibCommonAlgorithms.obj (.libVersion:retain)

.init_array 
*          0    00004000    00000000     UNINITIALIZED

.USS_ramfunc 
*          0    00005400    00000838     
                  00005400    000001e2     USS_SW_CCS_large_code_large_data.lib : USS_math.obj (.USS_ramfunc:USS_iq30Atan2)
                  000055e2    00000178                                          : USS_computeAbsTOF_lobe.obj (.USS_ramfunc:USS_computeAbsTOF_lobe_track)
                  0000575a    00000104                                          : USS_support_lea.obj (.USS_ramfunc:USS_corr3)
                  0000585e    000000fc                                          : USS_math.obj (.USS_ramfunc:USS_iq31Div)
                  0000595a    000000d6                                          : USS_cosInterpolation.obj (.USS_ramfunc:USS_cosInterpolation)
                  00005a30    000000c4                                          : USS_math.obj (.USS_ramfunc:USS_iq31toiq29Asin)
                  00005af4    00000092                                          : USS_math.obj (.USS_ramfunc:USS_iq31Cos)
                  00005b86    00000058                                          : USS_computeAbsTOF_lobe.obj (.USS_ramfunc:USS_computeAbsTOF_lobe)
                  00005bde    0000003c                                          : USS_support_lea.obj (.USS_ramfunc:USS_runWindow)
                  00005c1a    0000001e                                          : USS_support_lea.obj (.USS_ramfunc:USS_runParabolicInterpolation)

.text:_isr 
*          0    00005c38    000003f4     
                  00005c38    00000136     i2cslave.obj (.text:_isr:I2CSlave_ISR)
                  00005d6e    0000009e     USS_Lib_HAL.obj (.text:_isr:ISR_SDHS)
                  00005e0c    0000006a     USS_Lib_HAL.obj (.text:_isr:ISR_SAPH)
                  00005e76    00000052     USS_Lib_HAL.obj (.text:_isr:ISR_UUPS)
                  00005ec8    00000044     hal_adc.obj (.text:_isr:ADC12_ISR)
                  00005f0c    0000002a     USS_Lib_HAL.obj (.text:_isr:USSLIB_HAL_TIMER_INT_CCRn)
                  00005f36    00000024     USS_Lib_HAL.obj (.text:_isr:ISR_HSPLL)
                  00005f5a    00000022     timeout.obj (.text:_isr:FunctionTimer_A_ISR)
                  00005f7c    00000022     timeout.obj (.text:_isr:FunctionTimer_B_ISR)
                  00005f9e    00000022     USS_Lib_HAL.obj (.text:_isr:USSLIB_HAL_TIMER_INT)
                  00005fc0    00000020     USS_Lib_HAL.obj (.text:_isr:USS_LEA_ISR)
                  00005fe0    0000001e     hal_uart.obj (.text:_isr:hal_uart_ISR)
                  00005ffe    0000001c     rts430x_lc_ld_eabi.lib : boot.c.obj (.text:_isr:_c_int00_noargs)
                  0000601a    0000000a     USS_Lib_HAL.obj (.text:_isr:DMA_HSPLL)
                  00006024    00000008     rts430x_lc_ld_eabi.lib : isr_trap.asm.obj (.text:_isr:__TI_ISR_TRAP)

.bss       0    00001c00    00000724     UNINITIALIZED
                  00001c00    00000320     (.common:Comm_transmitBuffer)
                  00001f20    00000280     (.common:Comm_i2cSlaveRxBuffer)
                  000021a0    00000100     (.common:gUSSAlgObject)
                  000022a0    00000040     (.common:Comm_receiveBuffer)
                  000022e0    00000012     hal_adc.obj (.bss)
                  000022f2    0000000a     (.common:Comm_receiveQueue)
                  000022fc    00000004     (.common:DC_User_Params)
                  00002300    00000004     (.common:USSSWLIB_USS_interrupt_status)
                  00002304    00000004     (.common:gRXUpdateFlag)
                  00002308    00000004     (.common:g_pFunctionTimer)
                  0000230c    00000004     (.common:g_pI2CSlavePort)
                  00002310    00000004     (.common:g_pI2CTransmitBuffer)
                  00002314    00000002     USS_SW_CCS_large_code_large_data.lib : ussSwLibAlgorithms.obj (.bss)
                  00002316    00000002     (.common:USSSWLIB_USS_measurementPeriod)
                  00002318    00000002     (.common:USS_LEA_IFG)
                  0000231a    00000002     (.common:g_ui16I2CIndex)
                  0000231c    00000002     (.common:g_ui16I2CLength)
                  0000231e    00000002     (.common:i16max_amplitude)
                  00002320    00000002     (.common:state)
                  00002322    00000001     hal_uart.obj (.bss)
                  00002323    00000001     (.common:g_bI2CSlaveRequestPending)

.data      0    00002324    0000018f     UNINITIALIZED
                  00002324    000000ea     comm_config.obj (.data:Comm_listenerTable)
                  0000240e    00000072     ussDCCommandHandlers.obj (.data:gCommandHandler)
                  00002480    0000001e     hal_lcd.obj (.data:LCDMemMap)
                  0000249e    00000008     cs.obj (.data)
                  000024a6    00000006     comm_config.obj (.data:Comm_listenerConfig)
                  000024ac    00000002     packet.obj (.data)
                  000024ae    00000002     results.obj (.data)
                  000024b0    00000002     rts430x_lc_ld_eabi.lib : errno.c.obj (.data)
                  000024b2    00000001     i2cslave.obj (.data)

.stack     0    00002800    00000400     UNINITIALIZED
                  00002800    00000004     rts430x_lc_ld_eabi.lib : boot.c.obj (.stack)
                  00002804    000003fc     --HOLE--

.leaRAM    0    00002c00    00000a34     UNINITIALIZED
                  00002c00    000009d4     USS_userConfig.obj (.leaRAM)
                  000035d4    00000040     USS_SW_CCS_large_code_large_data.lib : ussSwLibAlgorithms.obj (.leaRAM)
                  00003614    00000018                                          : USS_lea.obj (.leaRAM)
                  0000362c    00000008                                          : USS_math.obj (.leaRAM)

$fill000   0    0000ff80    00000004     
                  0000ff80    00000004     --HOLE-- [fill = ffff]

$fill001   0    0000ff84    00000004     
                  0000ff84    00000004     --HOLE-- [fill = ffff]

$fill002   0    0000ff88    00000008     
                  0000ff88    00000008     --HOLE-- [fill = ffff]

SDHS       0    0000ffac    00000002     
                  0000ffac    00000002     USS_Lib_HAL.obj (.int14)

SAPH       0    0000ffae    00000002     
                  0000ffae    00000002     USS_Lib_HAL.obj (.int15)

HSPLL      0    0000ffb0    00000002     
                  0000ffb0    00000002     USS_Lib_HAL.obj (.int16)

UUPS       0    0000ffb2    00000002     
                  0000ffb2    00000002     USS_Lib_HAL.obj (.int17)

LEA        0    0000ffb4    00000002     
                  0000ffb4    00000002     USS_Lib_HAL.obj (.int18)

PORT9      0    0000ffb6    00000002     
                  0000ffb6    00000002     rts430x_lc_ld_eabi.lib : int19.asm.obj (.int19)

PORT8      0    0000ffb8    00000002     
                  0000ffb8    00000002     rts430x_lc_ld_eabi.lib : int20.asm.obj (.int20)

PORT7      0    0000ffba    00000002     
                  0000ffba    00000002     rts430x_lc_ld_eabi.lib : int21.asm.obj (.int21)

EUSCI_B1   0    0000ffbc    00000002     
                  0000ffbc    00000002     rts430x_lc_ld_eabi.lib : int22.asm.obj (.int22)

EUSCI_A3   0    0000ffbe    00000002     
                  0000ffbe    00000002     rts430x_lc_ld_eabi.lib : int23.asm.obj (.int23)

EUSCI_A2   0    0000ffc0    00000002     
                  0000ffc0    00000002     rts430x_lc_ld_eabi.lib : int24.asm.obj (.int24)

PORT6      0    0000ffc2    00000002     
                  0000ffc2    00000002     rts430x_lc_ld_eabi.lib : int25.asm.obj (.int25)

PORT5      0    0000ffc4    00000002     
                  0000ffc4    00000002     rts430x_lc_ld_eabi.lib : int26.asm.obj (.int26)

TIMER4_A1 
*          0    0000ffc6    00000002     
                  0000ffc6    00000002     rts430x_lc_ld_eabi.lib : int27.asm.obj (.int27)

TIMER4_A0 
*          0    0000ffc8    00000002     
                  0000ffc8    00000002     rts430x_lc_ld_eabi.lib : int28.asm.obj (.int28)

AES256     0    0000ffca    00000002     
                  0000ffca    00000002     rts430x_lc_ld_eabi.lib : int29.asm.obj (.int29)

RTC_C      0    0000ffcc    00000002     
                  0000ffcc    00000002     rts430x_lc_ld_eabi.lib : int30.asm.obj (.int30)

LCD_C      0    0000ffce    00000002     
                  0000ffce    00000002     rts430x_lc_ld_eabi.lib : int31.asm.obj (.int31)

PORT4      0    0000ffd0    00000002     
                  0000ffd0    00000002     rts430x_lc_ld_eabi.lib : int32.asm.obj (.int32)

PORT3      0    0000ffd2    00000002     
                  0000ffd2    00000002     rts430x_lc_ld_eabi.lib : int33.asm.obj (.int33)

TIMER3_A1 
*          0    0000ffd4    00000002     
                  0000ffd4    00000002     rts430x_lc_ld_eabi.lib : int34.asm.obj (.int34)

TIMER3_A0 
*          0    0000ffd6    00000002     
                  0000ffd6    00000002     rts430x_lc_ld_eabi.lib : int35.asm.obj (.int35)

PORT2      0    0000ffd8    00000002     
                  0000ffd8    00000002     rts430x_lc_ld_eabi.lib : int36.asm.obj (.int36)

TIMER2_A1 
*          0    0000ffda    00000002     
                  0000ffda    00000002     timeout.obj (.int37)

TIMER2_A0 
*          0    0000ffdc    00000002     
                  0000ffdc    00000002     timeout.obj (.int38)

PORT1      0    0000ffde    00000002     
                  0000ffde    00000002     rts430x_lc_ld_eabi.lib : int39.asm.obj (.int39)

TIMER1_A1 
*          0    0000ffe0    00000002     
                  0000ffe0    00000002     USS_Lib_HAL.obj (.int40)

TIMER1_A0 
*          0    0000ffe2    00000002     
                  0000ffe2    00000002     USS_Lib_HAL.obj (.int41)

DMA        0    0000ffe4    00000002     
                  0000ffe4    00000002     USS_Lib_HAL.obj (.int42)

EUSCI_A1   0    0000ffe6    00000002     
                  0000ffe6    00000002     hal_uart.obj (.int43)

TIMER0_A1 
*          0    0000ffe8    00000002     
                  0000ffe8    00000002     rts430x_lc_ld_eabi.lib : int44.asm.obj (.int44)

TIMER0_A0 
*          0    0000ffea    00000002     
                  0000ffea    00000002     rts430x_lc_ld_eabi.lib : int45.asm.obj (.int45)

ADC12_B    0    0000ffec    00000002     
                  0000ffec    00000002     hal_adc.obj (.int46)

EUSCI_B0   0    0000ffee    00000002     
                  0000ffee    00000002     i2cslave.obj (.int47)

EUSCI_A0   0    0000fff0    00000002     
                  0000fff0    00000002     rts430x_lc_ld_eabi.lib : int48.asm.obj (.int48)

WDT        0    0000fff2    00000002     
                  0000fff2    00000002     rts430x_lc_ld_eabi.lib : int49.asm.obj (.int49)

TIMER0_B1 
*          0    0000fff4    00000002     
                  0000fff4    00000002     rts430x_lc_ld_eabi.lib : int50.asm.obj (.int50)

TIMER0_B0 
*          0    0000fff6    00000002     
                  0000fff6    00000002     rts430x_lc_ld_eabi.lib : int51.asm.obj (.int51)

COMP_E     0    0000fff8    00000002     
                  0000fff8    00000002     rts430x_lc_ld_eabi.lib : int52.asm.obj (.int52)

UNMI       0    0000fffa    00000002     
                  0000fffa    00000002     rts430x_lc_ld_eabi.lib : int53.asm.obj (.int53)

SYSNMI     0    0000fffc    00000002     
                  0000fffc    00000002     rts430x_lc_ld_eabi.lib : int54.asm.obj (.int54)

.reset     0    0000fffe    00000002     
                  0000fffe    00000002     rts430x_lc_ld_eabi.lib : boot.c.obj (.reset)

.const     0    0000602c    00000816     
                  0000602c    00000400     USS_userConfig.obj (.const:gUSSAbsToFLUT)
                  0000642c    00000101     rts430x_lc_ld_eabi.lib : ctype.c.obj (.const:.string:_ctypes_)
                  0000652d    00000001     --HOLE-- [fill = 0]
                  0000652e    00000100     QmathLib_CCS_MPY32_5xx_6xx_CPUX_large_code_large_data.lib : _QNtables.o (.const:_Q16div_coeffs)
                  0000662e    000000b6     lcd_statemachine.obj (.const:.string)
                  000066e4    00000041     IQmathLib_CCS_MPY32_5xx_6xx_CPUX_large_code_large_data.lib : _IQNtables.o (.const:.string:_IQ6div_lookup)
                  00006725    00000001     --HOLE-- [fill = 0]
                  00006726    00000034     hal_lcd.obj (.const:alphabetBigTable)
                  0000675a    00000026     rts430x_lc_ld_eabi.lib : _printfi.c.obj (.const:.string)
                  00006780    00000026     hal_lcd.obj (.const:symbolTable)
                  000067a6    0000001c     gpio.obj (.const:GPIO_PORT_TO_BASE)
                  000067c2    0000001b     ussDCCommandHandlers.obj (.const:.string:$P$T0$1)
                  000067dd    00000001     --HOLE-- [fill = 0]
                  000067de    00000014     hal_lcd.obj (.const:digitTable)
                  000067f2    00000010     hal_uart.obj (.const:$P$T0$1)
                  00006802    00000010     comm.obj (.const:Comm_i2cSlavePort)
                  00006812    0000000e     hmi.obj (.const:.string)
                  00006820    0000000c     i2cslave.obj (.const:g_I2CSlaveFunctionTimer)
                  0000682c    0000000a     hal_adc.obj (.const:$P$T0$1)
                  00006836    00000006     hal_lcd.obj (.const:.string:$P$T1$2)
                  0000683c    00000006     i2cslave.obj (.const:g_I2CSlaveConfiguration)

.text      0    00010000    0000c408     
                  00010000    0000072a     rts430x_lc_ld_eabi.lib : addd.c.obj (.text:__mspabi_addd)
                  0001072a    000004d2     USS_SW_CCS_large_code_large_data.lib : USS_computeDeltaTOF_estimate.obj (.text:USS_computeDeltaTOF_estimate)
                  00010bfc    000004c2                                          : USS_init.obj (.text:USS_init)
                  000110be    00000468     rts430x_lc_ld_eabi.lib : frcdivd.c.obj (.text:__TI_frcdivd)
                  00011526    0000034e                            : div64u.c.obj (.text:__mspabi_divull)
                  00011874    00000342     mathematics.obj (.text:mathematics_FloatToString)
                  00011bb6    000002ec     USS_SW_CCS_large_code_large_data.lib : ussSwLibAlgorithms.obj (.text:USS_initAlgorithms)
                  00011ea2    000002de     rts430x_lc_ld_eabi.lib : _printfi.c.obj (.text:__TI_printfi:_setfield___TI_printfi)
                  00012180    000002dc                            : e_sqrt.c.obj (.text:sqrt)
                  0001245c    000002ae                            : _printfi.c.obj (.text:__TI_printfi:__TI_printfi)
                  0001270a    00000298     hmi.obj (.text:HMI_guiInputValidation)
                  000129a2    00000292     rts430x_lc_ld_eabi.lib : mpyd.c.obj (.text:__mspabi_mpyd)
                  00012c34    00000278     ussSwLibCommonSAPH.obj (.text:commonValidateSAPHconfigruation)
                  00012eac    00000268     rts430x_lc_ld_eabi.lib : _printfi.c.obj (.text:_pproc_fgea)
                  00013114    0000024c     hmi.obj (.text:HMI_updateUSSParameters)
                  00013360    00000244     USS_SW_CCS_large_code_large_data.lib : USS_computeAbsTOF_lobe.obj (.text:USS_computeAbsTOF_lobe_search)
                  000135a4    00000226                                          : USS_computeDeltaTOF_estimate.obj (.text:USS_runSampleCorrection)
                  000137ca    00000224     rts430x_lc_ld_eabi.lib : _printfi.c.obj (.text:acvt)
                  000139ee    0000021c                            : divd.c.obj (.text:__mspabi_divd)
                  00013c0a    00000206                            : _printfi.c.obj (.text:__TI_printfi:_getarg_diouxp___TI_printfi)
                  00013e10    000001ec     USS_SW_CCS_large_code_large_data.lib : ussSwLibAlgorithms.obj (.text:privateRunAlg)
                  00013ffc    000001e8     ussDCCommandHandlers.obj (.text:CommandHandler_registerCmdListeners)
                  000141e4    000001e6     rts430x_lc_ld_eabi.lib : _printfi.c.obj (.text:ecvt)
                  000143ca    000001d4     ussSwLibConfiguration.obj (.text:USS_updateSAPHConfiguration)
                  0001459e    000001d4     IQmathLib_CCS_MPY32_5xx_6xx_CPUX_large_code_large_data.lib : _IQNdiv.o (.text:_IQ21div)
                  00014772    000001c8     rts430x_lc_ld_eabi.lib : _printfi.c.obj (.text:fcvt)
                  0001493a    000001c4                            : s_floor.c.obj (.text:floor)
                  00014afe    000001b6     hmi.obj (.text:HMI_PostAlgorithm_Update)
                  00014cb4    000001b6     USS_SW_CCS_large_code_large_data.lib : ussSwLibAlgorithms.obj (.text:USS_generateMonoDualToneBinaryPattern)
                  00014e6a    000001aa     rts430x_lc_ld_eabi.lib : _printfi.c.obj (.text:_pconv_e)
                  00015014    00000198     hmi.obj (.text:HMI_update_USSmeasurementConfig)
                  000151ac    00000190     USS_SW_CCS_large_code_large_data.lib : USS_computeDeltaTOF_estimate.obj (.text:USS_generateWindow)
                  0001533c    00000186     hal_system.obj (.text:hal_system_Init)
                  000154c2    00000170     rts430x_lc_ld_eabi.lib : _printfi.c.obj (.text:_pconv_a)
                  00015632    00000164     USS_SW_CCS_large_code_large_data.lib : ussSwLibAlgorithms.obj (.text:USS_updateClockRelativeError)
                  00015796    00000164     rts430x_lc_ld_eabi.lib : frcmpyd.c.obj (.text:__TI_frcmpyd)
                  000158fa    00000162     ussSwLibCommonSAPH.obj (.text:commonConfigurePPGDutyCyle)
                  00015a5c    0000015e     rts430x_lc_ld_eabi.lib : _printfi.c.obj (.text:__TI_printfi:_ltostr___TI_printfi)
                  00015bba    0000015a                            : s_scalbn.c.obj (.text:scalbn)
                  00015d14    0000014e     ussDCCommandHandlers.obj (.text:CommandHandler_transmitCapturePackages)
                  00015e62    00000148     rts430x_lc_ld_eabi.lib : _printfi.c.obj (.text:__TI_printfi:_pproc_diouxp___TI_printfi)
                  00015faa    00000138     USS_SW_CCS_large_code_large_data.lib : USS_updateADCParams.obj (.text:USS_updateADCParams)
                  000160e2    00000132     ussDCCommandHandlers.obj (.text:resolveRXFlag)
                  00016214    00000132     rts430x_lc_ld_eabi.lib : fs_add.asm.obj (.text)
                  00016346    00000130     hal_adc.obj (.text:hal_adc_init)
                  00016476    0000011e     ussDCCommandHandlers.obj (.text:CommandHandler_transmitResults)
                  00016594    00000114     ussSwLibConfiguration.obj (.text:USS_updateHSPLLConfiguration)
                  000166a8    0000010c     ussDCCommandHandlers.obj (.text:Handler_req_calibration_config_id)
                  000167b4    00000106     rts430x_lc_ld_eabi.lib : s_round.c.obj (.text:round)
                  000168ba    00000104     packet.obj (.text:Packet_extractFromStream)
                  000169be    000000fc     rts430x_lc_ld_eabi.lib : _printfi.c.obj (.text:_pconv_g)
                  00016aba    000000f8     hmi.obj (.text:HMI_update_USSpllConfiguration)
                  00016bb2    000000f2     hal_adc.obj (.text:hal_adc_voltagesupply_readmV)
                  00016ca4    000000f0     cs.obj (.text:CS_setDCOFreq)
                  00016d94    000000ee     hal_lcd.obj (.text:hal_lcd_displayScrollText)
                  00016e82    000000ea     rts430x_lc_ld_eabi.lib : _printfi.c.obj (.text:__TI_printfi:_pproc_fwp___TI_printfi)
                  00016f6c    000000e2     results.obj (.text:results_Update)
                  0001704e    000000dc     lcd_statemachine.obj (.text:lcd_statemachine_displayScrollStatistics)
                  0001712a    000000d8     rts430x_lc_ld_eabi.lib : cmpd.c.obj (.text:__mspabi_cmpd)
                  00017202    000000d6                            : _printfi.c.obj (.text:__TI_printfi:_pproc_wstr___TI_printfi)
                  000172d8    000000d4     ussDCCommandHandlers.obj (.text:Handler_mtr_calibration_table_id)
                  000173ac    000000d0     ussDCCommandHandlers.obj (.text:Handler_calib_linear_constants_id)
                  0001747c    000000ca     ussSwLibCommonHSPLL.obj (.text:commonGetHSPLLFreqInHz)
                  00017546    000000ca     USS_SW_CCS_large_code_large_data.lib : ussSwLibCommonAlgorithms.obj (.text:commonGetPLLFreqInHz)
                  00017610    000000be     QmathLib_CCS_MPY32_5xx_6xx_CPUX_large_code_large_data.lib : _QNdiv.o (.text:_Q15div)
                  000176ce    000000bc     lcd_statemachine.obj (.text:lcd_statemachine_stateAction)
                  0001778a    000000ba     ussSwLibMeasurement.obj (.text:USS_commonTriggerSingleCapture)
                  00017844    000000ba     USS_SW_CCS_large_code_large_data.lib : ussSwLibAlgorithms.obj (.text:USS_getResultsInFloat)
                  000178fe    000000ba     ussSwLibCommonUSS.obj (.text:commonIsconversionSuccessfull)
                  000179b8    000000b8     hal_lcd.obj (.text:hal_lcd_showCharwPoint)
                  00017a70    000000b8     mathematics.obj (.text:mathematics_CalcStDevflt)
                  00017b28    000000b8     rts430x_lc_ld_eabi.lib : fs_mpy.asm.obj (.text)
                  00017be0    000000b4                            : _printfi.c.obj (.text:__TI_printfi:_pproc_str___TI_printfi)
                  00017c94    000000b4                            : _printfi.c.obj (.text:_mcpy)
                  00017d48    000000b2     USS_SW_CCS_large_code_large_data.lib : USS_run.obj (.text:USS_run)
                  00017dfa    000000b2     rts430x_lc_ld_eabi.lib : cvtdf.c.obj (.text:__mspabi_cvtdf)
                  00017eac    000000b2     USS_SW_CCS_large_code_large_data.lib : ussSwLibAlgorithms.obj (.text:privateGeneratePattern)
                  00017f5e    000000ae                                          : USS_filter.obj (.text:USS_filter)
                  0001800c    000000a6     rts430x_lc_ld_eabi.lib : s_frexp.c.obj (.text:frexp)
                  000180b2    000000a4     hmi.obj (.text:HMI_reportError_sendErrorMessage)
                  00018156    000000a0     USSLibGUIApp.obj (.text:USSLibGUIApp_Engine)
                  000181f6    0000009e     eusci_a_uart.obj (.text:EUSCI_A_UART_init)
                  00018294    0000009e     rts430x_lc_ld_eabi.lib : fltlid.c.obj (.text:__mspabi_fltlid)
                  00018332    0000009c     USS_SW_CCS_large_code_large_data.lib : ussSwLibAlgorithms.obj (.text:privatePadCaptures)
                  000183ce    00000096     ussDCCommandHandlers.obj (.text:CommandHandler_updateParams)
                  00018464    00000096     rts430x_lc_ld_eabi.lib : _ltoa.c.obj (.text:__TI_ltoa)
                  000184fa    00000096     ussSwLibCommonUSS.obj (.text:commonUpdateUSSULPbiasDelay)
                  00018590    00000096     lcd_statemachine.obj (.text:lcd_statemachine_stateUpdate)
                  00018626    00000090     rts430x_lc_ld_eabi.lib : _printfi.c.obj (.text:_ecpy)
                  000186b6    00000090     hal_lcd.obj (.text:hal_lcd_Init)
                  00018746    00000090     rts430x_lc_ld_eabi.lib : fs_div.asm.obj (.text)
                  000187d6    0000008a     ussSwLibVFRCalibFlow.obj (.text:USS_calibrateVFRFlow)
                  00018860    0000008a     USS_SW_CCS_large_code_large_data.lib : USS_computeVolumeFlowRate_water.obj (.text:USS_computeVolumeFlowRate_water)
                  000188ea    00000088     adc12_b.obj (.text:ADC12_B_init)
                  00018972    00000088     USSLibGUIApp.obj (.text:USSLibGUIApp_Init)
                  000189fa    00000086     lcd_c.obj (.text:LCD_C_setPinAsLCDFunctionEx)
                  00018a80    00000082     USS_SW_CCS_large_code_large_data.lib : USS_cosInterpolation.obj (.text:USS_generateOmega)
                  00018b02    00000082     ussSwLibConfiguration.obj (.text:USS_updateSDHSConfiguration)
                  00018b84    00000080     IQmathLib_CCS_MPY32_5xx_6xx_CPUX_large_code_large_data.lib : __IQNrsmpy.o (.text:_IQ15rsmpy)
                  00018c04    00000080     rts430x_lc_ld_eabi.lib : fltuld.c.obj (.text:__mspabi_fltuld)
                  00018c84    00000080     ussSwLibCommonTimer.obj (.text:commonTimerGenerateLowPowerDelay)
                  00018d04    00000080     hal_lcd.obj (.text:hal_lcd_showBattery)
                  00018d84    0000007e     ussDCCommandHandlers.obj (.text:CommandHandler_transmitCaptures)
                  00018e02    0000007e     hmi.obj (.text:HMI_PreMeasurement_Update)
                  00018e80    0000007e     IQmathLib_CCS_MPY32_5xx_6xx_CPUX_large_code_large_data.lib : __IQNrsmpy.o (.text:_IQ19rsmpy)
                  00018efe    0000007e     rts430x_lc_ld_eabi.lib : fs_tol.asm.obj (.text)
                  00018f7c    0000007c     IQmathLib_CCS_MPY32_5xx_6xx_CPUX_large_code_large_data.lib : __IQNrsmpy.o (.text:_IQ30rsmpy)
                  00018ff8    0000007a     ussSwLibCommonSDHS.obj (.text:commonValidateSDHSconfigruation)
                  00019072    00000078     rts430x_lc_ld_eabi.lib : autoinit.c.obj (.text:__TI_auto_init_nobinit_nopinit_hold_wdt:__TI_auto_init_nobinit_nopinit_hold_wdt)
                  000190ea    00000078                            : _printfi.c.obj (.text:_pconv_f)
                  00019162    00000078     lcd_statemachine.obj (.text:lcd_satemachine_srollState)
                  000191da    00000078     mathematics.obj (.text:mathematics_CalcPercentage)
                  00019252    00000076     rts430x_lc_ld_eabi.lib : copy_decompress_lzss.c.obj (.text:decompress:lzss:__TI_decompress_lzss)
                  000192c8    00000074     ussSwLibVFRCalibFlow.obj (.text:USS_findMeterConstantRange)
                  0001933c    00000074     USS_SW_CCS_large_code_large_data.lib : ussSwLibAlgorithms.obj (.text:USS_runAlgorithmsFixedPoint)
                  000193b0    00000074     mathematics.obj (.text:mathematics_CalcAverageflt)
                  00019424    00000072     IQmathLib_CCS_MPY32_5xx_6xx_CPUX_large_code_large_data.lib : _IQNtoF.o (.text:_IQ16toF)
                  00019496    00000072                                                                : _IQNtoF.o (.text:_IQ21toF)
                  00019508    00000072                                                                : _IQNtoF.o (.text:_IQ27toF)
                  0001957a    00000072                                                                : _IQNtoF.o (.text:_IQ30toF)
                  000195ec    00000070     testing.obj (.text:Testing_PostMeasurement_Update)
                  0001965c    0000006e     ussDCCommandHandlers.obj (.text:Handler_app_version)
                  000196ca    0000006c     USSLibGUIApp.obj (.text:USSLibGUIApp_ReInitialize)
                  00019736    0000006c     ussSwLibMeasurement.obj (.text:USS_startLowPowerUltrasonicCapture)
                  000197a2    0000006a     results.obj (.text:results_Reset)
                  0001980c    00000068     gpio.obj (.text:GPIO_setAsPeripheralModuleFunctionInputPin)
                  00019874    00000068     rts430x_lc_ld_eabi.lib : fixdul.c.obj (.text:__mspabi_fixdul)
                  000198dc    00000068                            : fs_toi.asm.obj (.text)
                  00019944    00000068     hmi.obj (.text:timeToPLLCycles)
                  000199ac    00000066     rts430x_lc_ld_eabi.lib : fixdli.c.obj (.text:__mspabi_fixdli)
                  00019a12    00000066     USS_SW_CCS_large_code_large_data.lib : ussSwLibCommonAlgorithms.obj (.text:commonValidateAlgorithmsConfiguration)
                  00019a78    00000066     hal_uart.obj (.text:hal_uart_Init)
                  00019ade    00000064     rts430x_lc_ld_eabi.lib : cvtfd.c.obj (.text:__mspabi_cvtfd)
                  00019b42    00000064     lcd_statemachine.obj (.text:lcd_statemachine_displayAvgFlowRate)
                  00019ba6    00000064     lcd_statemachine.obj (.text:lcd_statemachine_displayFlowRate)
                  00019c0a    00000064     lcd_statemachine.obj (.text:lcd_statemachine_displayVolume)
                  00019c6e    00000064     mathematics.obj (.text:mathematics_IntToStr)
                  00019cd2    00000062     i2cslave.obj (.text:I2CSlave_openPort)
                  00019d34    00000062     rts430x_lc_ld_eabi.lib : atoi.c.obj (.text:atoi)
                  00019d96    00000060     USS_SW_CCS_large_code_large_data.lib : ussSwLibCommonAlgorithms.obj (.text:commonValidateMeterConstantConfiguration)
                  00019df6    0000005e     ussDCCommandHandlers.obj (.text:Handler_f1_and_f2)
                  00019e54    0000005e     listener.obj (.text:Listener_registerListener)
                  00019eb2    0000005e     USS_SW_CCS_large_code_large_data.lib : USS_support_lea.obj (.text:USS_addOffset)
                  00019f10    0000005e                                          : USS_support_lea.obj (.text:USS_lea_invokeCommand)
                  00019f6e    0000005e                                          : USS_support_lea.obj (.text:USS_scaleSamples)
                  00019fcc    0000005e     hal_system.obj (.text:hal_system_ButtonsCheck)
                  0001a02a    0000005e     hal_system.obj (.text:hal_system_ButtonsInit)
                  0001a088    0000005c     IQmathLib_CCS_MPY32_5xx_6xx_CPUX_large_code_large_data.lib : __IQNmpy.o (.text:_IQ21mpy)
                  0001a0e4    0000005c     rts430x_lc_ld_eabi.lib : mult64_f5hw.asm.obj (.text:__mpyll)
                  0001a140    0000005a     i2cslave.obj (.text:I2CSlave_handleEndOfReceive)
                  0001a19a    0000005a     ussSwLibCommonUSS.obj (.text:commonWaitForconversion)
                  0001a1f4    00000058     byte_queue.obj (.text:ByteQueue_push)
                  0001a24c    00000058     rts430x_lc_ld_eabi.lib : div32u.asm.obj (.text)
                  0001a2a4    00000056     cs.obj (.text:CS_initClockSignal)
                  0001a2fa    00000056     IQmathLib_CCS_MPY32_5xx_6xx_CPUX_large_code_large_data.lib : __IQNrmpy.o (.text:_IQ12rmpy)
                  0001a350    00000056     ussDCCommandHandlers.obj (.text:processCommand)
                  0001a3a6    00000054     USS_SW_CCS_large_code_large_data.lib : USS_support_lea.obj (.text:USS_addSamples)
                  0001a3fa    00000054     IQmathLib_CCS_MPY32_5xx_6xx_CPUX_large_code_large_data.lib : __IQNmpy.o (.text:_IQ20mpy)
                  0001a44e    00000054     rts430x_lc_ld_eabi.lib : rem64u.c.obj (.text:__mspabi_remull)
                  0001a4a2    00000052     lcd_c.obj (.text:LCD_C_setMemory)
                  0001a4f4    00000052     USS_SW_CCS_large_code_large_data.lib : USS_support_lea.obj (.text:USS_fir)
                  0001a546    00000050                                          : USS_support_lea.obj (.text:USS_copyArrayRight)
                  0001a596    00000050     hal_system.obj (.text:hal_system_ButtonsClearInt)
                  0001a5e6    0000004e     USS_SW_CCS_large_code_large_data.lib : USS_support_lea.obj (.text:USS_copyArrayLeft)
                  0001a634    0000004e                                          : USS_lea.obj (.text:USS_lea_init)
                  0001a682    0000004e     QmathLib_CCS_MPY32_5xx_6xx_CPUX_large_code_large_data.lib : __QNrmpy.o (.text:_Q12rmpy)
                  0001a6d0    0000004e     rts430x_lc_ld_eabi.lib : _printfi.c.obj (.text:_fcpy)
                  0001a71e    0000004e     ussSwLibCommonTimer.obj (.text:commonTimerConfigureTimer)
                  0001a76c    0000004c     listener.obj (.text:Listener_lookupHandler)
                  0001a7b8    0000004c     tlv.obj (.text:TLV_getInfo)
                  0001a804    0000004c     ussSwLibConfiguration.obj (.text:USS_updateUSSInterruptsConfiguration)
                  0001a850    0000004c     rts430x_lc_ld_eabi.lib : fs_toul.asm.obj (.text)
                  0001a89c    0000004a     gpio.obj (.text:GPIO_setAsInputPinWithPullUpResistor)
                  0001a8e6    0000004a     ussSwLibMeasurement.obj (.text:USS_configureUltrasonicMeasurement)
                  0001a930    0000004a     lcd_statemachine.obj (.text:lcd_statemachine_displayAvgDeltaTOF)
                  0001a97a    0000004a     lcd_statemachine.obj (.text:lcd_statemachine_displayDeltaTOF)
                  0001a9c4    0000004a     lcd_statemachine.obj (.text:lcd_statemachine_displayDeltaTOFStandardDeviation)
                  0001aa0e    0000004a     rts430x_lc_ld_eabi.lib : fs_cmp.asm.obj (.text)
                  0001aa58    0000004a                            : fs_ltof.asm.obj (.text)
                  0001aaa2    00000048     IQmathLib_CCS_MPY32_5xx_6xx_CPUX_large_code_large_data.lib : __IQNmpy.o (.text:_IQ30mpy)
                  0001aaea    00000048     ussSwLibCommonTimer.obj (.text:commonTimerWaitEvent)
                  0001ab32    00000046     USS_SW_CCS_large_code_large_data.lib : USS_support_lea.obj (.text:USS_copy)
                  0001ab78    00000046     rts430x_lc_ld_eabi.lib : fs_tou.asm.obj (.text)
                  0001abbe    00000044     timeout.obj (.text:Timer_scheduleDelayedFunction)
                  0001ac02    00000044     rts430x_lc_ld_eabi.lib : sprintf.c.obj (.text:sprintf)
                  0001ac46    00000042     ussDCCommandHandlers.obj (.text:CommandHandler_transmittAdvancedDebugData)
                  0001ac88    00000040     ussDCCommandHandlers.obj (.text:CommandHandler_transmittDebugData)
                  0001acc8    00000040     gpio.obj (.text:GPIO_setAsInputPin)
                  0001ad08    00000040     rts430x_lc_ld_eabi.lib : asr64.c.obj (.text:__mspabi_srall)
                  0001ad48    00000040     ussSwLibCommonUSS.obj (.text:commonDetermineVariant)
                  0001ad88    00000040     rts430x_lc_ld_eabi.lib : div32s.asm.obj (.text)
                  0001adc8    0000003e     byte_queue.obj (.text:ByteQueue_pull)
                  0001ae06    0000003e     ussSwLibCommonSDHS.obj (.text:commonSDHSConfigModOpt)
                  0001ae44    0000003e     rts430x_lc_ld_eabi.lib : asr32.asm.obj (.text:l_asr_const)
                  0001ae82    0000003e                            : lsl32.asm.obj (.text:l_lsl_const)
                  0001aec0    0000003e                            : lsr32.asm.obj (.text:l_lsr_const)
                  0001aefe    0000003c     adc12_b.obj (.text:ADC12_B_configureMemory)
                  0001af3a    0000003c     ussSwLibConfiguration.obj (.text:USS_resetUSSModule)
                  0001af76    0000003c     ussSwLibCommonSDHS.obj (.text:commonSDHSRestoreSDHSDTCA)
                  0001afb2    0000003c     lcd_statemachine.obj (.text:lcd_statemachine_writeLCD)
                  0001afee    0000003c     rts430x_lc_ld_eabi.lib : memcpy.c.obj (.text:memcpy)
                  0001b02a    0000003c     results.obj (.text:resultsCalcVolume)
                  0001b066    0000003a     cs.obj (.text:CS_turnOnLFXT)
                  0001b0a0    0000003a     rts430x_lc_ld_eabi.lib : lsl64.c.obj (.text:__mspabi_sllll)
                  0001b0da    0000003a                            : lsr64.c.obj (.text:__mspabi_srlll)
                  0001b114    00000038     ussDCCommandHandlers.obj (.text:CommandHandler_rxUpdate)
                  0001b14c    00000038     i2cslave.obj (.text:I2CSlave_setRequestFlag)
                  0001b184    00000038     USS_SW_CCS_large_code_large_data.lib : USS_support_lea.obj (.text:USS_zeroInit)
                  0001b1bc    00000038     IQmathLib_CCS_MPY32_5xx_6xx_CPUX_large_code_large_data.lib : __IQNmpy.o (.text:_IQ16mpy)
                  0001b1f4    00000038     ussSwLibCommonTimer.obj (.text:commonTimerConfigureTick)
                  0001b22c    00000036     rts430x_lc_ld_eabi.lib : fs_itof.asm.obj (.text)
                  0001b262    00000034     comm.obj (.text:Comm_writePacket)
                  0001b296    00000034     gpio.obj (.text:GPIO_setAsOutputPin)
                  0001b2ca    00000034     rts430x_lc_ld_eabi.lib : memccpy.c.obj (.text:memccpy)
                  0001b2fe    00000032     gpio.obj (.text:GPIO_getInterruptStatus)
                  0001b330    00000032     rts430x_lc_ld_eabi.lib : subd.c.obj (.text:__mspabi_subd)
                  0001b362    00000032     ussSwLibCommonInterrupts.obj (.text:commonDisableCaptureInterrupts)
                  0001b394    00000032     hal_system.obj (.text:hal_system_ButtonsClearAll)
                  0001b3c6    00000032     rts430x_lc_ld_eabi.lib : fs_ultof.asm.obj (.text)
                  0001b3f8    00000030     adc12_b.obj (.text:ADC12_B_startConversion)
                  0001b428    00000030     hmi.obj (.text:HMI_Init)
                  0001b458    00000030     lcd_c.obj (.text:LCD_C_init)
                  0001b488    00000030     USS_SW_CCS_large_code_large_data.lib : ussSwLibAlgorithms.obj (.text:USS_getDNSPtr)
                  0001b4b8    00000030                                          : ussSwLibAlgorithms.obj (.text:USS_getUPSPtr)
                  0001b4e8    00000030     ussSwLibCommonTimer.obj (.text:commonTimerConfigureDelay)
                  0001b518    00000030     lcd_c.obj (.text:setLCDFunction)
                  0001b548    0000002e     comm.obj (.text:Comm_listenForCmd)
                  0001b576    0000002e     gpio.obj (.text:GPIO_selectInterruptEdge)
                  0001b5a4    0000002e     lcd_c.obj (.text:LCD_C_setVLCDSource)
                  0001b5d2    0000002e     rts430x_lc_ld_eabi.lib : negd.c.obj (.text:__mspabi_negd)
                  0001b600    0000002e     ussSwLibCommonHSPLL.obj (.text:commonValidateHSPLLconfiguration)
                  0001b62e    0000002e     rts430x_lc_ld_eabi.lib : s_copysign.c.obj (.text:copysign)
                  0001b65c    0000002e     hal_system.obj (.text:hal_system_LEDOff)
                  0001b68a    0000002e     hal_system.obj (.text:hal_system_LEDOn)
                  0001b6b8    0000002e     mathematics.obj (.text:mathematics_Reverse)
                  0001b6e6    0000002c     packet.obj (.text:Packet_appendChecksum)
                  0001b712    0000002c     rts430x_lc_ld_eabi.lib : mult3264_f5hw.asm.obj (.text:__mpyull)
                  0001b73e    0000002c     lcd_statemachine.obj (.text:lcd_statemachine_clearWriteData)
                  0001b76a    0000002c     rts430x_lc_ld_eabi.lib : div16s.asm.obj (.text)
                  0001b796    0000002a     ussDCCommandHandlers.obj (.text:CommandHandler_transmitUserErrorMsgPacket)
                  0001b7c0    0000002a     eusci_b_i2c.obj (.text:EUSCI_B_I2C_initSlave)
                  0001b7ea    0000002a     i2cslave.obj (.text:I2CSlave_setTransmitBuffer)
                  0001b814    00000028     byte_queue.obj (.text:ByteQueue_isFull)
                  0001b83c    00000028     ussDCCommandHandlers.obj (.text:CommandHandler_updateCalibParams)
                  0001b864    00000028     timeout.obj (.text:Timer_cancelDelayedFunction)
                  0001b88c    00000028     rts430x_lc_ld_eabi.lib : fixdi.c.obj (.text:__mspabi_fixdi)
                  0001b8b4    00000028                            : sprintf.c.obj (.text:_outs)
                  0001b8dc    00000028     ussSwLibCommonInterrupts.obj (.text:commonEnableCommonCaptureInterrupts)
                  0001b904    00000028     main.obj (.text:main)
                  0001b92c    00000028     rts430x_lc_ld_eabi.lib : wcslen.c.obj (.text:wcslen)
                  0001b954    00000026     hmi.obj (.text:HMI_PostMeasurement_Update)
                  0001b97a    00000026     ussSwLibCommonTimer.obj (.text:commonTimerWaitTickEvent)
                  0001b9a0    00000024     adc12_b.obj (.text:ADC12_B_disableInterrupt)
                  0001b9c4    00000024     adc12_b.obj (.text:ADC12_B_enableInterrupt)
                  0001b9e8    00000024     byte_queue.obj (.text:ByteQueue_getLength)
                  0001ba0c    00000024     byte_queue.obj (.text:ByteQueue_init)
                  0001ba30    00000024     rts430x_lc_ld_eabi.lib : copy_zero_init.c.obj (.text:decompress:ZI:__TI_zero_init)
                  0001ba54    00000024     hal_lcd.obj (.text:hal_lcd_updatememory)
                  0001ba78    00000024     rts430x_lc_ld_eabi.lib : fs_utof.asm.obj (.text)
                  0001ba9c    00000024                            : mult32_f5hw.asm.obj (.text)
                  0001bac0    00000022     ussDCCommandHandlers.obj (.text:CommandHandler_calibUpdate)
                  0001bae2    00000022     ussDCCommandHandlers.obj (.text:CommandHandler_transmitUserMessagePacket)
                  0001bb04    00000022     eusci_a_uart.obj (.text:EUSCI_A_UART_transmitData)
                  0001bb26    00000022     lcd_statemachine.obj (.text:lcd_statemachine_displayBatteryVoltage)
                  0001bb48    00000020     adc12_b.obj (.text:ADC12_B_setupSamplingTimer)
                  0001bb68    00000020     comm.obj (.text:Comm_i2cReceiveHandler)
                  0001bb88    00000020     eusci_a_uart.obj (.text:EUSCI_A_UART_receiveData)
                  0001bba8    00000020     ussDCCommandHandlers.obj (.text:Handler_max_vfr_id)
                  0001bbc8    00000020     rts430x_lc_ld_eabi.lib : memset.c.obj (.text:memset)
                  0001bbe8    0000001e     gpio.obj (.text:GPIO_clearInterrupt)
                  0001bc06    0000001e     timeout.obj (.text:Timer_startDelayedFunctionTimer)
                  0001bc24    0000001e     ussSwLibConfiguration.obj (.text:USS_updateUUPSConfiguration)
                  0001bc42    0000001e     ussSwLibCommonUSS.obj (.text:commonDetermineSiliconVersion)
                  0001bc60    0000001e     hal_lcd.obj (.text:hal_lcd_clearSymbol)
                  0001bc7e    0000001e     hal_lcd.obj (.text:hal_lcd_setSymbol)
                  0001bc9c    0000001e     hal_lcd.obj (.text:hal_lcd_turnoffLCD)
                  0001bcba    0000001c     ussDCCommandHandlers.obj (.text:CommandHandler_transmitErrorPacket)
                  0001bcd6    0000001c     gpio.obj (.text:GPIO_setOutputHighOnPin)
                  0001bcf2    0000001c     gpio.obj (.text:GPIO_setOutputLowOnPin)
                  0001bd0e    0000001c     i2cslave.obj (.text:I2CSlave_transactionTimeoutHandler)
                  0001bd2a    0000001c     lcd_c.obj (.text:LCD_C_configChargePump)
                  0001bd46    0000001c     rts430x_lc_ld_eabi.lib : mult1632_f5hw.asm.obj (.text:__mpysl)
                  0001bd62    0000001c                            : mult1632_f5hw.asm.obj (.text:__mpyul)
                  0001bd7e    0000001c                            : strchr.c.obj (.text:strchr)
                  0001bd9a    0000001a     testing.obj (.text:Testing_Update_Results)
                  0001bdb4    00000018     comm.obj (.text:Comm_setup)
                  0001bdcc    00000018     ussDCCommandHandlers.obj (.text:Handler_abs_tof_additional_id)
                  0001bde4    00000018     ussDCCommandHandlers.obj (.text:Handler_adc_samp_freq_id)
                  0001bdfc    00000018     ussDCCommandHandlers.obj (.text:Handler_capture_duration_id)
                  0001be14    00000018     ussDCCommandHandlers.obj (.text:Handler_delta_tof_offset_id)
                  0001be2c    00000018     ussDCCommandHandlers.obj (.text:Handler_gain_control_id)
                  0001be44    00000018     ussDCCommandHandlers.obj (.text:Handler_lea_enable)
                  0001be5c    00000018     ussDCCommandHandlers.obj (.text:Handler_meter_constant_id)
                  0001be74    00000018     ussDCCommandHandlers.obj (.text:Handler_over_sampling_rate)
                  0001be8c    00000018     ussDCCommandHandlers.obj (.text:Handler_param10_id)
                  0001bea4    00000018     ussDCCommandHandlers.obj (.text:Handler_param1_id)
                  0001bebc    00000018     ussDCCommandHandlers.obj (.text:Handler_param2_id)
                  0001bed4    00000018     ussDCCommandHandlers.obj (.text:Handler_param3_id)
                  0001beec    00000018     ussDCCommandHandlers.obj (.text:Handler_param5_id)
                  0001bf04    00000018     ussDCCommandHandlers.obj (.text:Handler_param6_id)
                  0001bf1c    00000018     ussDCCommandHandlers.obj (.text:Handler_pattern_opt)
                  0001bf34    00000018     ussDCCommandHandlers.obj (.text:Handler_sig_samp_freq_id)
                  0001bf4c    00000018     ussDCCommandHandlers.obj (.text:Handler_xt2_freq_id)
                  0001bf64    00000018     i2cslave.obj (.text:I2CSlave_requestTimeoutHandler)
                  0001bf7c    00000018     rts430x_lc_ld_eabi.lib : mult16_f5hw.asm.obj (.text)
                  0001bf94    00000016     adc12_b.obj (.text:ADC12_B_disable)
                  0001bfaa    00000016     ussDCCommandHandlers.obj (.text:Handler_gap_pls_adc_start_id)
                  0001bfc0    00000016     ussDCCommandHandlers.obj (.text:Handler_gap_ups_dns_id)
                  0001bfd6    00000016     ussDCCommandHandlers.obj (.text:Handler_gap_ups_ups_id)
                  0001bfec    00000016     ussDCCommandHandlers.obj (.text:Handler_num_pls_id)
                  0001c002    00000016     ussDCCommandHandlers.obj (.text:Handler_param4_id)
                  0001c018    00000016     ussDCCommandHandlers.obj (.text:Handler_param7_id)
                  0001c02e    00000016     ussDCCommandHandlers.obj (.text:Handler_param8_id)
                  0001c044    00000016     ussDCCommandHandlers.obj (.text:Handler_param9_id)
                  0001c05a    00000016     ussDCCommandHandlers.obj (.text:Handler_plot_abs_dns_id)
                  0001c070    00000016     ussDCCommandHandlers.obj (.text:Handler_plot_abs_ups_id)
                  0001c086    00000016     ussDCCommandHandlers.obj (.text:Handler_plot_dtof_id)
                  0001c09c    00000016     ussDCCommandHandlers.obj (.text:Handler_plot_vol_id)
                  0001c0b2    00000016     ussDCCommandHandlers.obj (.text:Handler_req_app_req_captures)
                  0001c0c8    00000016     ussDCCommandHandlers.obj (.text:Handler_req_app_req_data)
                  0001c0de    00000016     ussDCCommandHandlers.obj (.text:Handler_req_app_req_update)
                  0001c0f4    00000016     rts430x_lc_ld_eabi.lib : copy_decompress_none.c.obj (.text:decompress:none:__TI_decompress_none)
                  0001c10a    00000016                            : div16u.asm.obj (.text)
                  0001c120    00000014     adc12_b.obj (.text:ADC12_B_clearInterrupt)
                  0001c134    00000014     rts430x_lc_ld_eabi.lib : sprintf.c.obj (.text:_outc)
                  0001c148    00000012     cs.obj (.text:CS_setExternalClockSource)
                  0001c15a    00000012     checksum.obj (.text:Checksum_computeChecksum)
                  0001c16c    00000012     checksum.obj (.text:Checksum_verifyChecksum)
                  0001c17e    00000012     comm.obj (.text:Comm_addCmdListener)
                  0001c190    00000012     ussDCCommandHandlers.obj (.text:CommandHandler_setApplicationVersion)
                  0001c1a2    00000012     ussSwLibVFRCalib.obj (.text:USS_calibrateVolumeFlowRate)
                  0001c1b4    00000012     ussSwLibMeasurement.obj (.text:USS_waitForAppTimerElapse)
                  0001c1c6    00000012     wdt_a.obj (.text:WDT_A_resetTimer)
                  0001c1d8    00000012     wdt_a.obj (.text:WDT_A_start)
                  0001c1ea    00000012     hal_system.obj (.text:hal_system_GetResetSource)
                  0001c1fc    00000012     rts430x_lc_ld_eabi.lib : strlen.c.obj (.text:strlen)
                  0001c20e    00000012                            : toupper.c.obj (.text:toupper)
                  0001c220    00000010     lcd_c.obj (.text:LCD_C_setVLCDVoltage)
                  0001c230    00000010     ref_a.obj (.text:Ref_A_isVariableReferenceVoltageOutputReady)
                  0001c240    00000010     wdt_a.obj (.text:WDT_A_initWatchdogTimer)
                  0001c250    00000010     rts430x_lc_ld_eabi.lib : asr32.asm.obj (.text:l_asr)
                  0001c260    00000010                            : lsl32.asm.obj (.text:l_lsl)
                  0001c270    00000010                            : lsr32.asm.obj (.text:l_lsr)
                  0001c280    0000000e     adc12_b.obj (.text:ADC12_B_enable)
                  0001c28e    0000000e     adc12_b.obj (.text:ADC12_B_getResults)
                  0001c29c    0000000e     ref_a.obj (.text:Ref_A_setReferenceVoltage)
                  0001c2aa    0000000e     ussSwLibMeasurement.obj (.text:USS_configAppTimerPeriod)
                  0001c2b8    0000000e     rts430x_lc_ld_eabi.lib : labs.c.obj (.text:labs)
                  0001c2c6    0000000c     eusci_b_i2c.obj (.text:EUSCI_B_I2C_clearInterrupt)
                  0001c2d2    0000000c     eusci_b_i2c.obj (.text:EUSCI_B_I2C_enableInterrupt)
                  0001c2de    0000000c     eusci_b_i2c.obj (.text:EUSCI_B_I2C_slavePutData)
                  0001c2ea    0000000c     lcd_c.obj (.text:LCD_C_clearMemory)
                  0001c2f6    0000000c     rts430x_lc_ld_eabi.lib : fltid.c.obj (.text:__mspabi_fltid)
                  0001c302    0000000c     ussSwLibCommonInterrupts.obj (.text:commonEnableCaptureInterrupts)
                  0001c30e    0000000c     lcd_statemachine.obj (.text:lcd_statemachine_isSleep)
                  0001c31a    0000000a     eusci_b_i2c.obj (.text:EUSCI_B_I2C_getInterruptStatus)
                  0001c324    0000000a     eusci_b_i2c.obj (.text:EUSCI_B_I2C_slaveGetData)
                  0001c32e    0000000a     lcd_c.obj (.text:LCD_C_disableChargePump)
                  0001c338    0000000a     ref_a.obj (.text:Ref_A_isRefGenBusy)
                  0001c342    0000000a     system_pre_init.obj (.text:_system_pre_init)
                  0001c34c    0000000a     rts430x_lc_ld_eabi.lib : abs.c.obj (.text:abs)
                  0001c356    0000000a     hal_uart.obj (.text:hal_uart_TxByte)
                  0001c360    0000000a     rts430x_lc_ld_eabi.lib : fs_neg.asm.obj (.text)
                  0001c36a    0000000a                            : lsl16.asm.obj (.text)
                  0001c374    0000000a                            : lsr16.asm.obj (.text)
                  0001c37e    00000008     eusci_b_i2c.obj (.text:EUSCI_B_I2C_getMode)
                  0001c386    00000008     timeout.obj (.text:Timer_stopDelayedFunctionTimer)
                  0001c38e    00000008     hal_lcd.obj (.text:hal_lcd_clearLCD)
                  0001c396    00000008     hal_lcd.obj (.text:hal_lcd_turnonLCD)
                  0001c39e    00000008     hal_system.obj (.text:hal_system_WatchdogFeed)
                  0001c3a6    00000006     ussDCCommandHandlers.obj (.text:CommandHandler_getUserParamsPtr)
                  0001c3ac    00000006     ussDCCommandHandlers.obj (.text:CommandHandler_setAdvMtrCalibTableStatus)
                  0001c3b2    00000006     eusci_a_uart.obj (.text:EUSCI_A_UART_enable)
                  0001c3b8    00000006     eusci_b_i2c.obj (.text:EUSCI_B_I2C_disable)
                  0001c3be    00000006     eusci_b_i2c.obj (.text:EUSCI_B_I2C_enable)
                  0001c3c4    00000006     hmi.obj (.text:HMI_GetStatus)
                  0001c3ca    00000006     hmi.obj (.text:HMI_isLPMEnabled)
                  0001c3d0    00000006     lcd_c.obj (.text:LCD_C_off)
                  0001c3d6    00000006     lcd_c.obj (.text:LCD_C_on)
                  0001c3dc    00000006     pmm.obj (.text:PMM_unlockLPM5)
                  0001c3e2    00000006     ref_a.obj (.text:Ref_A_disableReferenceVoltage)
                  0001c3e8    00000006     ref_a.obj (.text:Ref_A_enableReferenceVoltage)
                  0001c3ee    00000006     rts430x_lc_ld_eabi.lib : fltud.c.obj (.text:__mspabi_fltud)
                  0001c3f4    00000006                            : exit.c.obj (.text:abort)
                  0001c3fa    00000004     testing.obj (.text:Testing_GUIUpdate_PostUSSConfig)
                  0001c3fe    00000004     testing.obj (.text:Testing_GUIUpdate_PreUSSConfig)
                  0001c402    00000002     testing.obj (.text:Testing_PostAlgorithm_Update)
                  0001c404    00000002     testing.obj (.text:Testing_PreMeasurement_Update)
                  0001c406    00000002     rts430x_lc_ld_eabi.lib : startup.c.obj (.text:_system_post_cinit)

MODULE SUMMARY

       Module                                code    ro data   rw data
       ------                                ----    -------   -------
    .\
       main.obj                              40      8         0      
       system_pre_init.obj                   10      0         0      
    +--+-------------------------------------+-------+---------+---------+
       Total:                                50      8         0      
                                                                      
    .\USSLibGUIApp\fr6047_USS_app\
       USSLibGUIApp.obj                      404     0         0      
    +--+-------------------------------------+-------+---------+---------+
       Total:                                404     0         0      
                                                                      
    .\USSLibGUIApp\fr6047_USS_app\hmiDC\
       hmi.obj                               2838    14        157    
    +--+-------------------------------------+-------+---------+---------+
       Total:                                2838    14        157    
                                                                      
    .\USSLibGUIApp\fr6047_USS_app\lcd_statemachineDC\
       lcd_statemachine.obj                  1350    182       38     
    +--+-------------------------------------+-------+---------+---------+
       Total:                                1350    182       38     
                                                                      
    .\USSLibGUIApp\fr6047_USS_app\mathematicsDC\
       mathematics.obj                       1400    0         16     
    +--+-------------------------------------+-------+---------+---------+
       Total:                                1400    0         16     
                                                                      
    .\USSLibGUIApp\fr6047_USS_app\resultsDC\
       results.obj                           392     0         836    
    +--+-------------------------------------+-------+---------+---------+
       Total:                                392     0         836    
                                                                      
    .\USSLibGUIApp\fr6047_USS_app\testingDC\
       testing.obj                           150     0         2      
    +--+-------------------------------------+-------+---------+---------+
       Total:                                150     0         2      
                                                                      
    .\USS_Config\
       USS_userConfig.obj                    0       1024      5546   
       USS_App_userConfig.obj                0       0         2      
    +--+-------------------------------------+-------+---------+---------+
       Total:                                0       1024      5548   
                                                                      
    .\common\DesignCenter\comm\
       comm_config.obj                       0       0         1114   
       comm.obj                              172     16        703    
    +--+-------------------------------------+-------+---------+---------+
       Total:                                172     16        1817   
                                                                      
    .\common\DesignCenter\comm\drivers\
       i2cslave.obj                          648     20        14     
       timeout.obj                           214     4         4      
    +--+-------------------------------------+-------+---------+---------+
       Total:                                862     24        18     
                                                                      
    .\common\DesignCenter\comm\protocol\
       packet.obj                            304     0         2      
       listener.obj                          170     0         0      
       checksum.obj                          36      0         0      
    +--+-------------------------------------+-------+---------+---------+
       Total:                                510     0         2      
                                                                      
    .\common\DesignCenter\comm\utils\
       byte_queue.obj                        262     0         0      
    +--+-------------------------------------+-------+---------+---------+
       Total:                                262     0         0      
                                                                      
    .\common\DesignCenter\ussDC\
       ussDCCommandHandlers.obj              3832    27        118    
    +--+-------------------------------------+-------+---------+---------+
       Total:                                3832    27        118    
                                                                      
    .\driverlib\MSP430FR5xx_6xx\
       gpio.obj                              476     28        0      
       lcd_c.obj                             436     0         0      
       adc12_b.obj                           418     0         0      
       cs.obj                                402     0         8      
       eusci_a_uart.obj                      230     0         0      
       eusci_b_i2c.obj                       118     0         0      
       tlv.obj                               76      0         0      
       ref_a.obj                             52      0         0      
       wdt_a.obj                             52      0         0      
       pmm.obj                               6       0         0      
    +--+-------------------------------------+-------+---------+---------+
       Total:                                2266    28        8      
                                                                      
    .\hal\fr6047EVM\
       hal_lcd.obj                           836     116       30     
       hal_system.obj                        826     0         0      
       hal_adc.obj                           614     12        18     
       hal_uart.obj                          142     18        1      
    +--+-------------------------------------+-------+---------+---------+
       Total:                                2418    146       49     
                                                                      
    .\ussSWLib\USS_HAL\
       USS_Lib_HAL.obj                       500     16        58     
    +--+-------------------------------------+-------+---------+---------+
       Total:                                500     16        58     
                                                                      
    .\ussSWLib\source\
       ussSwLibConfiguration.obj             1040    0         0      
       ussSwLibMeasurement.obj               400     0         0      
       ussSwLibVFRCalibFlow.obj              254     0         0      
       ussSwLibVFRCalib.obj                  18      0         0      
       ussSwLibISR.obj                       0       0         4      
    +--+-------------------------------------+-------+---------+---------+
       Total:                                1712    0         4      
                                                                      
    .\ussSWLib\source\common\
       ussSwLibCommonSAPH.obj                986     0         0      
       ussSwLibCommonUSS.obj                 520     0         0      
       ussSwLibCommonTimer.obj               420     0         0      
       ussSwLibCommonHSPLL.obj               248     0         0      
       ussSwLibCommonSDHS.obj                244     0         0      
       ussSwLibCommonInterrupts.obj          102     0         0      
    +--+-------------------------------------+-------+---------+---------+
       Total:                                2520    0         0      
                                                                      
    C:\ti\ccs1250\ccs\tools\compiler\ti-cgt-msp430_21.6.1.LTS\lib\rts430x_lc_ld_eabi.lib
       _printfi.c.obj                        6918    38        0      
       addd.c.obj                            1834    0         0      
       frcdivd.c.obj                         1128    0         0      
       div64u.c.obj                          846     0         0      
       e_sqrt.c.obj                          732     0         0      
       mpyd.c.obj                            658     0         0      
       divd.c.obj                            540     0         0      
       s_floor.c.obj                         452     0         0      
       frcmpyd.c.obj                         356     0         0      
       s_scalbn.c.obj                        346     0         0      
       fs_add.asm.obj                        306     0         0      
       s_round.c.obj                         262     0         0      
       ctype.c.obj                           0       257       0      
       cmpd.c.obj                            216     0         0      
       fs_mpy.asm.obj                        184     0         0      
       cvtdf.c.obj                           178     0         0      
       s_frexp.c.obj                         166     0         0      
       fltlid.c.obj                          158     0         0      
       _ltoa.c.obj                           150     0         0      
       fs_div.asm.obj                        144     0         0      
       fltuld.c.obj                          128     0         0      
       sprintf.c.obj                         128     0         0      
       fs_tol.asm.obj                        126     0         0      
       autoinit.c.obj                        120     0         0      
       copy_decompress_lzss.c.obj            118     0         0      
       fixdul.c.obj                          104     0         0      
       fs_toi.asm.obj                        104     0         0      
       fixdli.c.obj                          102     0         0      
       cvtfd.c.obj                           100     0         0      
       atoi.c.obj                            98      0         0      
       mult64_f5hw.asm.obj                   92      0         0      
       div32u.asm.obj                        88      0         0      
       rem64u.c.obj                          84      0         0      
       asr32.asm.obj                         78      0         0      
       lsl32.asm.obj                         78      0         0      
       lsr32.asm.obj                         78      0         0      
       fs_toul.asm.obj                       76      0         0      
       fs_cmp.asm.obj                        74      0         0      
       fs_ltof.asm.obj                       74      0         0      
       fs_tou.asm.obj                        70      0         0      
       asr64.c.obj                           64      0         0      
       div32s.asm.obj                        64      0         0      
       memcpy.c.obj                          60      0         0      
       lsl64.c.obj                           58      0         0      
       lsr64.c.obj                           58      0         0      
       mult1632_f5hw.asm.obj                 56      0         0      
       fs_itof.asm.obj                       54      0         0      
       memccpy.c.obj                         52      0         0      
       fs_ultof.asm.obj                      50      0         0      
       subd.c.obj                            50      0         0      
       negd.c.obj                            46      0         0      
       s_copysign.c.obj                      46      0         0      
       div16s.asm.obj                        44      0         0      
       mult3264_f5hw.asm.obj                 44      0         0      
       fixdi.c.obj                           40      0         0      
       wcslen.c.obj                          40      0         0      
       copy_zero_init.c.obj                  36      0         0      
       fs_utof.asm.obj                       36      0         0      
       mult32_f5hw.asm.obj                   36      0         0      
       memset.c.obj                          32      0         0      
       boot.c.obj                            28      2         0      
       strchr.c.obj                          28      0         0      
       mult16_f5hw.asm.obj                   24      0         0      
       copy_decompress_none.c.obj            22      0         0      
       div16u.asm.obj                        22      0         0      
       strlen.c.obj                          18      0         0      
       toupper.c.obj                         18      0         0      
       labs.c.obj                            14      0         0      
       fltid.c.obj                           12      0         0      
       abs.c.obj                             10      0         0      
       fs_neg.asm.obj                        10      0         0      
       lsl16.asm.obj                         10      0         0      
       lsr16.asm.obj                         10      0         0      
       isr_trap.asm.obj                      8       0         0      
       exit.c.obj                            6       0         0      
       fltud.c.obj                           6       0         0      
       errno.c.obj                           0       0         2      
       int19.asm.obj                         0       2         0      
       int20.asm.obj                         0       2         0      
       int21.asm.obj                         0       2         0      
       int22.asm.obj                         0       2         0      
       int23.asm.obj                         0       2         0      
       int24.asm.obj                         0       2         0      
       int25.asm.obj                         0       2         0      
       int26.asm.obj                         0       2         0      
       int27.asm.obj                         0       2         0      
       int28.asm.obj                         0       2         0      
       int29.asm.obj                         0       2         0      
       int30.asm.obj                         0       2         0      
       int31.asm.obj                         0       2         0      
       int32.asm.obj                         0       2         0      
       int33.asm.obj                         0       2         0      
       int34.asm.obj                         0       2         0      
       int35.asm.obj                         0       2         0      
       int36.asm.obj                         0       2         0      
       int39.asm.obj                         0       2         0      
       int44.asm.obj                         0       2         0      
       int45.asm.obj                         0       2         0      
       int48.asm.obj                         0       2         0      
       int49.asm.obj                         0       2         0      
       int50.asm.obj                         0       2         0      
       int51.asm.obj                         0       2         0      
       int52.asm.obj                         0       2         0      
       int53.asm.obj                         0       2         0      
       int54.asm.obj                         0       2         0      
       startup.c.obj                         2       0         0      
    +--+-------------------------------------+-------+---------+---------+
       Total:                                18708   353       2      
                                                                      
    C:\ti\msp\UltrasonicWaterFR604x_02_40_00_00\lib\IQMathLibrary\libraries\CCS\MPY32\5xx_6xx\IQmathLib_CCS_MPY32_5xx_6xx_CPUX_large_code_large_data.lib
       _IQNdiv.o                             468     0         0      
       _IQNtoF.o                             456     0         0      
       __IQNrsmpy.o                          378     0         0      
       __IQNmpy.o                            304     0         0      
       __IQNrmpy.o                           86      0         0      
       _IQNtables.o                          0       65        0      
    +--+-------------------------------------+-------+---------+---------+
       Total:                                1692    65        0      
                                                                      
    C:\ti\msp\UltrasonicWaterFR604x_02_40_00_00\lib\IQMathLibrary\libraries\CCS\MPY32\5xx_6xx\QmathLib_CCS_MPY32_5xx_6xx_CPUX_large_code_large_data.lib
       _QNtables.o                           0       256       0      
       _QNdiv.o                              190     0         0      
       __QNrmpy.o                            78      0         0      
    +--+-------------------------------------+-------+---------+---------+
       Total:                                268     256       0      
                                                                      
    C:\ti\msp\UltrasonicWaterFR604x_02_40_00_00\lib\USS_optimized\Lobe\CCS\USS_SW_CCS_large_code_large_data.lib
       ussSwLibAlgorithms.obj                2766    0         324    
       USS_computeDeltaTOF_estimate.obj      2184    0         0      
       USS_init.obj                          1218    0         0      
       USS_math.obj                          1076    0         8      
       USS_support_lea.obj                   1082    0         0      
       USS_computeAbsTOF_lobe.obj            1044    0         0      
       ussSwLibCommonAlgorithms.obj          400     8         0      
       USS_cosInterpolation.obj              344     0         0      
       USS_updateADCParams.obj               312     0         0      
       USS_run.obj                           178     0         0      
       USS_filter.obj                        174     0         0      
       USS_computeVolumeFlowRate_water.obj   138     0         0      
       USS_lea.obj                           78      0         26     
    +--+-------------------------------------+-------+---------+---------+
       Total:                                10994   8         358    
[...]
00016f6c  results_Update                                   
0001704e  lcd_statemachine_displayScrollStatistics         
0001712a  __mspabi_cmpd                                    
0001747c  commonGetHSPLLFreqInHz                           
00017546  commonGetPLLFreqInHz                             
00017610  _Q15div                                          
000176ce  lcd_statemachine_stateAction                     
0001778a  USS_commonTriggerSingleCapture                   
00017844  USS_getResultsInFloat                            
000178fe  commonIsconversionSuccessfull                    
000179b8  hal_lcd_showCharwPoint                           
00017a70  mathematics_CalcStDevflt                         
00017b28  __mspabi_mpyf                                    
00017d48  USS_run                                          
00017dfa  __mspabi_cvtdf                                   
00017eac  privateGeneratePattern                           
00017f5e  USS_filter                                       
0001800c  frexp                                            
0001800c  frexpl                                           
000180b2  HMI_reportError_sendErrorMessage                 
000180b2  USSLibGUIApp_send_error                          
00018156  USSLibGUIApp_Engine                              
000181f6  EUSCI_A_UART_init                                
00018294  __mspabi_fltlid                                  
00018332  privatePadCaptures                               
000183ce  CommandHandler_updateParams                      
00018464  __TI_ltoa                                        
000184fa  commonUpdateUSSULPbiasDelay                      
00018590  lcd_statemachine_stateUpdate                     
000186b6  hal_lcd_Init                                     
00018746  __mspabi_divf                                    
000187d6  USS_calibrateVFRFlow                             
00018860  USS_computeVolumeFlowRate_water                  
000188ea  ADC12_B_init                                     
00018972  USSLibGUIApp_Init                                
000189fa  LCD_C_setPinAsLCDFunctionEx                      
00018b02  USS_updateSDHSConfiguration                      
00018b84  _IQ15rsmpy                                       
00018c04  __mspabi_fltuld                                  
00018c84  commonTimerGenerateLowPowerDelay                 
00018d04  hal_lcd_showBattery                              
00018d84  CommandHandler_transmitCaptures                  
00018e02  HMI_PreMeasurement_Update                        
00018e80  _IQ19rsmpy                                       
00018efe  __mspabi_fixfli                                  
00018f7c  _IQ30rsmpy                                       
00018ff8  commonValidateSDHSconfigruation                  
00019072  __TI_auto_init_nobinit_nopinit_hold_wdt          
00019162  lcd_satemachine_srollState                       
000191da  mathematics_CalcPercentage                       
00019252  __TI_decompress_lzss                             
000192c8  USS_findMeterConstantRange                       
0001933c  USS_runAlgorithmsFixedPoint                      
000193b0  mathematics_CalcAverageflt                       
00019424  _IQ16toF                                         
00019496  _IQ21toF                                         
00019508  _IQ27toF                                         
0001957a  _IQ30toF                                         
000195ec  Testing_PostMeasurement_Update                   
000196ca  USSLibGUIApp_ReInitialize                        
00019736  USS_startLowPowerUltrasonicCapture               
000197a2  results_Reset                                    
0001980c  GPIO_setAsPeripheralModuleFunctionInputPin       
00019874  __mspabi_fixdul                                  
000198dc  __mspabi_fixfi                                   
000199ac  __mspabi_fixdli                                  
00019a12  commonValidateAlgorithmsConfiguration            
00019a78  hal_uart_Init                                    
00019ade  __mspabi_cvtfd                                   
00019b42  lcd_statemachine_displayAvgFlowRate              
00019ba6  lcd_statemachine_displayFlowRate                 
00019c0a  lcd_statemachine_displayVolume                   
00019c6e  mathematics_IntToStr                             
00019cd2  I2CSlave_openPort                                
00019d34  atoi                                             
00019d96  commonValidateMeterConstantConfiguration         
00019e54  Listener_registerListener                        
00019eb2  USS_addOffset                                    
00019f6e  USS_scaleSamples                                 
00019fcc  hal_system_ButtonsCheck                          
0001a02a  hal_system_ButtonsInit                           
0001a088  _IQ21mpy                                         
0001a0e4  __mspabi_mpyll_f5hw                              
0001a19a  commonWaitForconversion                          
0001a1f4  ByteQueue_push                                   
0001a24c  __mspabi_divul                                   
0001a24c  __mspabi_remul                                   
0001a2a4  CS_initClockSignal                               
0001a2fa  _IQ12rmpy                                        
0001a3a6  USS_addSamples                                   
0001a3fa  _IQ20mpy                                         
0001a44e  __mspabi_remull                                  
0001a4a2  LCD_C_setMemory                                  
0001a4f4  USS_fir                                          
0001a546  USS_copyArrayRight                               
0001a596  hal_system_ButtonsClearInt                       
0001a5e6  USS_copyArrayLeft                                
0001a634  USS_lea_init                                     
0001a682  _Q12rmpy                                         
0001a71e  commonTimerConfigureTimer                        
0001a76c  Listener_lookupHandler                           
0001a7b8  TLV_getInfo                                      
0001a804  USS_updateUSSInterruptsConfiguration             
0001a850  __mspabi_fixful                                  
0001a89c  GPIO_setAsInputPinWithPullUpResistor             
0001a8e6  USS_configureUltrasonicMeasurement               
0001a930  lcd_statemachine_displayAvgDeltaTOF              
0001a97a  lcd_statemachine_displayDeltaTOF                 
0001a9c4  lcd_statemachine_displayDeltaTOFStandardDeviation
0001aa0e  __mspabi_cmpf                                    
0001aa58  __mspabi_fltlif                                  
0001aaa2  _IQ30mpy                                         
0001ab32  USS_copy                                         
0001ab78  __mspabi_fixfu                                   
0001abbe  Timer_scheduleDelayedFunction                    
0001ac02  sprintf                                          
0001ac46  CommandHandler_transmittAdvancedDebugData        
0001ac88  CommandHandler_transmittDebugData                
0001acc8  GPIO_setAsInputPin                               
0001ad08  __mspabi_srall                                   
0001ad48  commonDetermineVariant                           
0001ad88  __mspabi_divli                                   
0001ad88  __mspabi_remli                                   
0001adc8  ByteQueue_pull                                   
0001ae06  commonSDHSConfigModOpt                           
0001ae44  __mspabi_sral_15                                 
0001ae48  __mspabi_sral_14                                 
0001ae4c  __mspabi_sral_13                                 
0001ae50  __mspabi_sral_12                                 
0001ae54  __mspabi_sral_11                                 
0001ae58  __mspabi_sral_10                                 
0001ae5c  __mspabi_sral_9                                  
0001ae60  __mspabi_sral_8                                  
0001ae64  __mspabi_sral_7                                  
0001ae68  __mspabi_sral_6                                  
0001ae6c  __mspabi_sral_5                                  
0001ae70  __mspabi_sral_4                                  
0001ae74  __mspabi_sral_3                                  
0001ae78  __mspabi_sral_2                                  
0001ae7c  __mspabi_sral_1                                  
0001ae82  __mspabi_slll_15                                 
0001ae86  __mspabi_slll_14                                 
0001ae8a  __mspabi_slll_13                                 
0001ae8e  __mspabi_slll_12                                 
0001ae92  __mspabi_slll_11                                 
0001ae96  __mspabi_slll_10                                 
0001ae9a  __mspabi_slll_9                                  
0001ae9e  __mspabi_slll_8                                  
0001aea2  __mspabi_slll_7                                  
0001aea6  __mspabi_slll_6                                  
0001aeaa  __mspabi_slll_5                                  
0001aeae  __mspabi_slll_4                                  
0001aeb2  __mspabi_slll_3                                  
0001aeb6  __mspabi_slll_2                                  
0001aeba  __mspabi_slll_1                                  
0001aec0  __mspabi_srll_15                                 
0001aec4  __mspabi_srll_14                                 
0001aec8  __mspabi_srll_13                                 
0001aecc  __mspabi_srll_12                                 
0001aed0  __mspabi_srll_11                                 
0001aed4  __mspabi_srll_10                                 
0001aed8  __mspabi_srll_9                                  
0001aedc  __mspabi_srll_8                                  
0001aee0  __mspabi_srll_7                                  
0001aee4  __mspabi_srll_6                                  
0001aee8  __mspabi_srll_5                                  
0001aeec  __mspabi_srll_4                                  
0001aef0  __mspabi_srll_3                                  
0001aef4  __mspabi_srll_2                                  
0001aef8  __mspabi_srll_1                                  
0001aefe  ADC12_B_configureMemory                          
0001af3a  USS_resetUSSModule                               
0001af76  commonSDHSRestoreSDHSDTCA                        
0001afb2  lcd_statemachine_writeLCD                        
0001afee  memcpy                                           
0001b02a  resultsCalcVolume                                
0001b066  CS_turnOnLFXT                                    
0001b0a0  __mspabi_sllll                                   
0001b0da  __mspabi_srlll                                   
0001b114  CommandHandler_rxUpdate                          
0001b14c  I2CSlave_setRequestFlag                          
0001b184  USS_zeroInit                                     
0001b1bc  _IQ16mpy                                         
0001b1f4  commonTimerConfigureTick                         
0001b22c  __mspabi_fltif                                   
0001b262  Comm_writePacket                                 
0001b296  GPIO_setAsOutputPin                              
0001b2ca  memccpy                                          
0001b2fe  GPIO_getInterruptStatus                          
0001b330  __mspabi_subd                                    
0001b362  commonDisableCaptureInterrupts                   
0001b394  hal_system_ButtonsClearAll                       
0001b3c6  __mspabi_fltulf                                  
0001b3f8  ADC12_B_startConversion                          
0001b428  HMI_Init                                         
0001b458  LCD_C_init                                       
0001b488  USS_getDNSPtr                                    
0001b4b8  USS_getUPSPtr                                    
0001b4e8  commonTimerConfigureDelay                        
0001b548  Comm_listenForCmd                                
0001b576  GPIO_selectInterruptEdge                         
0001b5a4  LCD_C_setVLCDSource                              
0001b5d2  __mspabi_negd                                    
0001b600  commonValidateHSPLLconfiguration                 
0001b62e  copysign                                         
0001b62e  copysignl                                        
0001b65c  hal_system_LEDOff                                
0001b68a  hal_system_LEDOn                                 
0001b6b8  mathematics_Reverse                              
0001b6e6  Packet_appendChecksum                            
0001b712  __mspabi_mpyull_f5hw                             
0001b73e  lcd_statemachine_clearWriteData                  
0001b76a  __mspabi_divi                                    
0001b76a  __mspabi_remi                                    
0001b796  CommandHandler_transmitUserErrorMsgPacket        
0001b7c0  EUSCI_B_I2C_initSlave                            
0001b7ea  I2CSlave_setTransmitBuffer                       
0001b814  ByteQueue_isFull                                 
0001b83c  CommandHandler_updateCalibParams                 
0001b864  Timer_cancelDelayedFunction                      
0001b88c  __mspabi_fixdi                                   
0001b904  main                                             
0001b92c  wcslen                                           
0001b954  HMI_PostMeasurement_Update                       
0001b97a  commonTimerWaitTickEvent                         
0001b9a0  ADC12_B_disableInterrupt                         
0001b9c4  ADC12_B_enableInterrupt                          
0001b9e8  ByteQueue_getLength                              
0001ba0c  ByteQueue_init                                   
0001ba30  __TI_zero_init                                   
0001ba78  __mspabi_fltuf                                   
0001ba9c  __mspabi_mpyl_f5hw                               
0001bac0  CommandHandler_calibUpdate                       
0001bae2  CommandHandler_transmitUserMessagePacket         
0001bb04  EUSCI_A_UART_transmitData                        
0001bb26  lcd_statemachine_displayBatteryVoltage           
0001bb48  ADC12_B_setupSamplingTimer                       
0001bb68  Comm_i2cReceiveHandler                           
0001bb88  EUSCI_A_UART_receiveData                         
0001bbc8  memset                                           
0001bbe8  GPIO_clearInterrupt                              
0001bc06  Timer_startDelayedFunctionTimer                  
0001bc24  USS_updateUUPSConfiguration                      
0001bc42  commonDetermineSiliconVersion                    
0001bc60  hal_lcd_clearSymbol                              
0001bc7e  hal_lcd_setSymbol                                
0001bc9c  hal_lcd_turnoffLCD                               
0001bcba  CommandHandler_transmitErrorPacket               
0001bcd6  GPIO_setOutputHighOnPin                          
0001bcf2  GPIO_setOutputLowOnPin                           
0001bd2a  LCD_C_configChargePump                           
0001bd46  __mspabi_mpysl_f5hw                              
0001bd62  __mspabi_mpyul_f5hw                              
0001bd7e  strchr                                           
0001bd9a  Testing_Update_Results                           
0001bdb4  Comm_setup                                       
0001bf7c  __mspabi_mpyi_f5hw                               
0001bf94  ADC12_B_disable                                  
0001c0f4  __TI_decompress_none                             
0001c10a  __mspabi_divu                                    
0001c10a  __mspabi_remu                                    
0001c120  ADC12_B_clearInterrupt                           
0001c148  CS_setExternalClockSource                        
0001c15a  Checksum_computeChecksum                         
0001c16c  Checksum_verifyChecksum                          
0001c17e  Comm_addCmdListener                              
0001c190  CommandHandler_setApplicationVersion             
0001c1a2  USS_calibrateVolumeFlowRate                      
0001c1b4  USS_waitForAppTimerElapse                        
0001c1c6  WDT_A_resetTimer                                 
0001c1d8  WDT_A_start                                      
0001c1ea  hal_system_GetResetSource                        
0001c1fc  strlen                                           
0001c20e  toupper                                          
0001c220  LCD_C_setVLCDVoltage                             
0001c230  Ref_A_isVariableReferenceVoltageOutputReady      
0001c240  WDT_A_initWatchdogTimer                          
0001c250  __mspabi_sral                                    
0001c260  __mspabi_slll                                    
0001c270  __mspabi_srll                                    
0001c280  ADC12_B_enable                                   
0001c28e  ADC12_B_getResults                               
0001c29c  Ref_A_setReferenceVoltage                        
0001c2aa  USS_configAppTimerPeriod                         
0001c2b8  labs                                             
0001c2c6  EUSCI_B_I2C_clearInterrupt                       
0001c2d2  EUSCI_B_I2C_enableInterrupt                      
0001c2de  EUSCI_B_I2C_slavePutData                         
0001c2ea  LCD_C_clearMemory                                
0001c2f6  __mspabi_fltid                                   
0001c302  commonEnableCaptureInterrupts                    
0001c30e  lcd_statemachine_isSleep                         
0001c31a  EUSCI_B_I2C_getInterruptStatus                   
0001c324  EUSCI_B_I2C_slaveGetData                         
0001c32e  LCD_C_disableChargePump                          
0001c338  Ref_A_isRefGenBusy                               
0001c342  _system_pre_init                                 
0001c34c  abs                                              
0001c356  hal_uart_TxByte                                  
0001c360  __mspabi_negf                                    
0001c36a  __mspabi_slli                                    
0001c374  __mspabi_srli                                    
0001c37e  EUSCI_B_I2C_getMode                              
0001c386  Timer_stopDelayedFunctionTimer                   
0001c38e  hal_lcd_clearLCD                                 
0001c396  hal_lcd_turnonLCD                                
0001c39e  hal_system_WatchdogFeed                          
0001c3a6  CommandHandler_getUserParamsPtr                  
0001c3ac  CommandHandler_setAdvMtrCalibTableStatus         
0001c3b2  EUSCI_A_UART_enable                              
0001c3b8  EUSCI_B_I2C_disable                              
0001c3be  EUSCI_B_I2C_enable                               
0001c3c4  HMI_GetStatus                                    
0001c3ca  HMI_isLPMEnabled                                 
0001c3d0  LCD_C_off                                        
0001c3d6  LCD_C_on                                         
0001c3dc  PMM_unlockLPM5                                   
0001c3e2  Ref_A_disableReferenceVoltage                    
0001c3e8  Ref_A_enableReferenceVoltage                     
0001c3ee  __mspabi_fltud                                   
0001c3f4  C$$EXIT                                          
0001c3f4  abort                                            
0001c3fa  Testing_GUIUpdate_PostUSSConfig                  
0001c3fe  Testing_GUIUpdate_PreUSSConfig                   
0001c402  Testing_PostAlgorithm_Update                     
0001c404  Testing_PreMeasurement_Update                    
0001c406  _system_post_cinit                               
00043ff0  app_version                                      
00043ff8  lib_version                                      
ffffffff  __TI_pprof_out_hndl                              
ffffffff  __TI_prof_data_size                              
ffffffff  __TI_prof_data_start                             
ffffffff  __c_args__                                       

[2324 symbols]
